<html>
<body>
<pre>
<h1>µVision Build Log</h1>
<h2>Project:</h2>
E:\MCA lab\MCA_LAB_ASSIGNMENT\DC_MOTOR\DC_MOTOR_KEIL.uvproj
Project File Date:  01/12/2022

<h2>Output:</h2>
Rebuild target 'Target 1'
assembling Startup.s...
compiling dc_motor.c...
dc_motor.c(12): warning:  #951-D: return type of function "main" must be "int"
  void main()
dc_motor.c(42): warning:  #1-D: last line of file ends without a newline
  }
dc_motor.c: 2 warnings, 0 errors
linking...
Program Size: Code=1016 RO-data=32 RW-data=4 ZI-data=1260  
FromELF: creating hex file...
".\DC_MOTOR_KEIL.axf" - 0 Error(s), 2 Warning(s).
2): warning:  #1-D: last line of file ends without a newline
  }
dc_motor.c: 2 warnings, 4 errors
".\DC_MOTOR_KEIL.axf" - 4 Error(s), 2 Warning(s).
Target not created
