<html>
<body>
<pre>
<h1>µVision Build Log</h1>
<h2>Project:</h2>
E:\MCA lab\MCA_LAB_ASSIGNMENT\STEPPER_MOTOR\stepper.uvproj
Project File Date:  01/12/2022

<h2>Output:</h2>
Rebuild target 'Target 1'
assembling Startup.s...
compiling stepper_motor.c...
stepper_motor.c(3): warning:  #1295-D: Deprecated declaration delay - give arg types
  void delay();
stepper_motor.c(60): warning:  #1-D: last line of file ends without a newline
  }
stepper_motor.c: 2 warnings, 0 errors
linking...
Program Size: Code=704 RO-data=32 RW-data=4 ZI-data=1260  
FromELF: creating hex file...
".\stepper.axf" - 0 Error(s), 2 Warning(s).
</pre>
</body>
</html>
